################################################################################
#                                                                              #
#      IAR Universal Linker V6.5.4.100                                         #
#                                                                              #
#           Link time     =  15/Feb/2021  14:18:26                             #
#           Target CPU    =  MSP430                                            #
#           List file     =  "C:\JIbin\Microcontrollers\New folder\MathewsJP02 #
#                            \Debug\List\MathewsJP02.map"                      #
#           Output file 1 =  "C:\JIbin\Microcontrollers\New folder\MathewsJP02 #
#                            \Debug\Exe\MathewsJP02.d43"                       #
#                            Format: ubrof10                                   #
#                            UBROF version 10.0.6                              #
#                            Using library modules for C-SPY (-rt)             #
#           Command line  =  -f C:\Users\jibin\AppData\Local\Temp\EWDF0D.tmp   #
#                            ("C:\JIbin\Microcontrollers\New folder\MathewsJP0 #
#                            2\Debug\Obj\asm.r43"                              #
#                            -o                                                #
#                            "C:\JIbin\Microcontrollers\New folder\MathewsJP02 #
#                            \Debug\Exe\MathewsJP02.d43"                       #
#                            -l                                                #
#                            "C:\JIbin\Microcontrollers\New folder\MathewsJP02 #
#                            \Debug\List\MathewsJP02.map"                      #
#                            -xms                                              #
#                            "-IC:\Program Files (x86)\IAR Systems\Embedded Wo #
#                            rkbench 8.4_2\430\LIB\"                           #
#                            -f                                                #
#                            "C:\Program Files (x86)\IAR Systems\Embedded Work #
#                            bench 8.4_2\430\config\linker\lnk430g2553.xcl"    #
#                            (-cmsp430 -QCODE_I=CODE_ID -QTLS16_I=TLS16_ID     #
#                            -Z(CONST)INFO=1000-10FF                           #
#                            -Z(CONST)INFOA=10C0-10FF                          #
#                            -Z(CONST)INFOB=1080-10BF                          #
#                            -Z(CONST)INFOC=1040-107F                          #
#                            -Z(CONST)INFOD=1000-103F                          #
#                            -Z(DATA)DATA16_I,DATA16_Z,DATA16_N,TLS16_I=0200-0 #
#                            3FF                                               #
#                            -Z(DATA)DATA16_HEAP+_DATA16_HEAP_SIZE             #
#                            -Z(DATA)CODE_I -Z(DATA)CSTACK+_STACK_SIZE#        #
#                            -Z(CONST)DATA16_C,DATA16_ID,TLS16_ID,DIFUNCT,CHEC #
#                            KSUM=C000-FFDD                                    #
#                            -Z(CODE)CSTART,ISR_CODE,CODE_ID=C000-FFDD         #
#                            -P(CODE)CODE=C000-FFDD                            #
#                            -Z(CONST)SIGNATURE=FFDE-FFDF                      #
#                            -Z(CODE)INTVEC=FFE0-FFFF                          #
#                            -Z(CODE)RESET=FFFE-FFFF) -D_STACK_SIZE=50 -rt     #
#                            -D_DATA16_HEAP_SIZE=50 -D_DATA20_HEAP_SIZE=50)    #
#                                                                              #
#                           Copyright (C) 1987-2018 IAR Systems AB.            #
################################################################################





                ****************************************
                *                                      *
                *           CROSS REFERENCE            *
                *                                      *
                ****************************************

                  There are no program entries.


                ****************************************
                *                                      *
                *    AUTOMATIC SYMBOL REDIRECTIONS     *
                *                                      *
                ****************************************

                  There are no automatic symbol redirections.



                ****************************************
                *                                      *
                *              MODULE MAP              *
                *                                      *
                ****************************************


  DEFINED ABSOLUTE ENTRIES
    *************************************************************************

  DEFINED ABSOLUTE ENTRIES
  PROGRAM MODULE, NAME : ?ABS_ENTRY_MOD

Absolute parts
           ENTRY                   ADDRESS         REF BY
           =====                   =======         ======
           _DATA20_HEAP_SIZE       0050 
           _DATA16_HEAP_SIZE       0050 
           _STACK_SIZE             0050 
    *************************************************************************

  FILE NAME : C:\JIbin\Microcontrollers\New folder\MathewsJP02\Debug\Obj\asm.r43
  PROGRAM MODULE, NAME : main

Absolute parts
     02A0 - 02A0
     02B0 - 02B0
     FFFE - FFFF
           LOCAL                   ADDRESS         
           =====                   =======         
           __MSP430G2203__         0000 
  SEGMENTS IN THE MODULE
  ======================
<CODE> 1 (was CODE)
  Relative segment, address: C000 - C025 (0x26 bytes), align: 1
  Segment part 0. ROOT        Intra module refs:   Absolute parts
           ENTRY                   ADDRESS         REF BY
           =====                   =======         ======
           main                    C000 
           LOCAL                   ADDRESS         
           =====                   =======         
           multiplyinitialize      C00E 
           multiply                C01A 




                ****************************************
                *                                      *
                *      SEGMENTS IN ADDRESS ORDER       *
                *                                      *
                ****************************************


SEGMENT              SPACE    START ADDRESS   END ADDRESS     SIZE  TYPE  ALIGN
=======              =====    =============   ===========     ====  ====  =====
<CODE> 1                               C000 - C025              26   rel    1
                                       02A0 - 02A0               1  aseg  
                                       02B0 - 02B0               1  aseg  
                                       FFFE - FFFF               2  aseg  

                ****************************************
                *                                      *
                *        END OF CROSS REFERENCE        *
                *                                      *
                ****************************************

 38 bytes of CODE memory (+ 4 absolute )

Errors: none
Warnings: none

