################################################################################
#                                                                              #
#      IAR Universal Linker V6.5.4.100                                         #
#                                                                              #
#           Link time     =  08/Apr/2021  21:07:43                             #
#           Target CPU    =  MSP430                                            #
#           List file     =  "D:\Jibin\TTU\Spring 2021\Microcontrollers\Projec #
#                            ts\project 4 test\Debug\List\p4.map"              #
#           Output file 1 =  "D:\Jibin\TTU\Spring 2021\Microcontrollers\Projec #
#                            ts\project 4 test\Debug\Exe\p4.d43"               #
#                            Format: ubrof10                                   #
#                            UBROF version 10.0.6                              #
#                            Using library modules for C-SPY (-rt)             #
#           Command line  =  -f C:\Users\jibin\AppData\Local\Temp\EWE799.tmp   #
#                            ("D:\Jibin\TTU\Spring 2021\Microcontrollers\Proje #
#                            cts\project 4 test\Debug\Obj\asm.r43"             #
#                            -o                                                #
#                            "D:\Jibin\TTU\Spring 2021\Microcontrollers\Projec #
#                            ts\project 4 test\Debug\Exe\p4.d43"               #
#                            -l                                                #
#                            "D:\Jibin\TTU\Spring 2021\Microcontrollers\Projec #
#                            ts\project 4 test\Debug\List\p4.map"              #
#                            -xms                                              #
#                            "-IC:\Program Files (x86)\IAR Systems\Embedded Wo #
#                            rkbench 8.4\430\LIB\"                             #
#                            -f                                                #
#                            "C:\Program Files (x86)\IAR Systems\Embedded Work #
#                            bench 8.4\430\config\linker\lnk430g2553.xcl"      #
#                            (-cmsp430 -QCODE_I=CODE_ID -QTLS16_I=TLS16_ID     #
#                            -Z(CONST)INFO=1000-10FF                           #
#                            -Z(CONST)INFOA=10C0-10FF                          #
#                            -Z(CONST)INFOB=1080-10BF                          #
#                            -Z(CONST)INFOC=1040-107F                          #
#                            -Z(CONST)INFOD=1000-103F                          #
#                            -Z(DATA)DATA16_I,DATA16_Z,DATA16_N,TLS16_I=0200-0 #
#                            3FF                                               #
#                            -Z(DATA)DATA16_HEAP+_DATA16_HEAP_SIZE             #
#                            -Z(DATA)CODE_I -Z(DATA)CSTACK+_STACK_SIZE#        #
#                            -Z(CONST)DATA16_C,DATA16_ID,TLS16_ID,DIFUNCT,CHEC #
#                            KSUM=C000-FFDD                                    #
#                            -Z(CODE)CSTART,ISR_CODE,CODE_ID=C000-FFDD         #
#                            -P(CODE)CODE=C000-FFDD                            #
#                            -Z(CONST)SIGNATURE=FFDE-FFDF                      #
#                            -Z(CODE)INTVEC=FFE0-FFFF                          #
#                            -Z(CODE)RESET=FFFE-FFFF) -D_STACK_SIZE=50 -rt     #
#                            -D_DATA16_HEAP_SIZE=50 -D_DATA20_HEAP_SIZE=50)    #
#                                                                              #
#                           Copyright (C) 1987-2018 IAR Systems AB.            #
################################################################################





                ****************************************
                *                                      *
                *           CROSS REFERENCE            *
                *                                      *
                ****************************************

                  There are no program entries.


                ****************************************
                *                                      *
                *    AUTOMATIC SYMBOL REDIRECTIONS     *
                *                                      *
                ****************************************

                  There are no automatic symbol redirections.



                ****************************************
                *                                      *
                *              MODULE MAP              *
                *                                      *
                ****************************************


  DEFINED ABSOLUTE ENTRIES
    *************************************************************************

  DEFINED ABSOLUTE ENTRIES
  PROGRAM MODULE, NAME : ?ABS_ENTRY_MOD

Absolute parts
           ENTRY                   ADDRESS         REF BY
           =====                   =======         ======
           _DATA20_HEAP_SIZE       0050 
           _DATA16_HEAP_SIZE       0050 
           _STACK_SIZE             0050 
    *************************************************************************

  FILE NAME : D:\Jibin\TTU\Spring 2021\Microcontrollers\Projects\project 4 test\Debug\Obj\asm.r43
  PROGRAM MODULE, NAME : main

Absolute parts
     0300 - 0308
     FFE6 - FFE7
     FFF2 - FFF3
     FFFA - FFFB
     FFFE - FFFF
           LOCAL                   ADDRESS         
           =====                   =======         
           __MSP430G2203__         0000 
           ten_ms                  0300 
           hund_ms                 0301 
           seconds                 0302 
           ten_sec                 0303 
           countm                  0304 
           PB1M                    0305 
           PB2M                    0306 
           PB3M                    0307 
           CurrentDigit            0308 
  SEGMENTS IN THE MODULE
  ======================
CSTACK
  Relative segment, address: 03B0, align: 1
  Segment part 0. ROOT 
    -------------------------------------------------------------------------
<CODE> 1 (was CODE)
  Relative segment, address: C000 - C1CF (0x1d0 bytes), align: 1
  Segment part 1. ROOT        Intra module refs:   Absolute parts
           ENTRY                   ADDRESS         REF BY
           =====                   =======         ======
           main                    C0AC 
           LOCAL                   ADDRESS         
           =====                   =======         
           init                    C000 
           Port_2_ISR              C18A 
           TA_0_ISR                C1BA 
           TA_1_ISR                C1C0 
           PB1M_set                C0C8 
           PB2M_set                C0E0 
           PB3M_set                C0FC 
           Done                    C112 
           Draw                    C114 
           WriteDig1               C134 
           WriteDig2               C144 
           WriteDig3               C154 
           WriteDig4               C164 
           ZERO                    C1C6 
           DoneNow                 C174 
           DoneWriting             C188 
           PB1_set                 C1A2 
           PB2_set                 C1A8 
           PB3_set                 C1AE 
           T0ISR_finish            C1B4 
           ONE                     C1C7 
           TWO                     C1C8 
           THREE                   C1C9 
           FOUR                    C1CA 
           FIVE                    C1CB 
           SIX                     C1CC 
           SEVEN                   C1CD 
           EIGHT                   C1CE 
           NINE                    C1CF 




                ****************************************
                *                                      *
                *      SEGMENTS IN ADDRESS ORDER       *
                *                                      *
                ****************************************


SEGMENT              SPACE    START ADDRESS   END ADDRESS     SIZE  TYPE  ALIGN
=======              =====    =============   ===========     ====  ====  =====
CSTACK                                 03B0 - 03FF              50   rel    1
<CODE> 1                               C000 - C1CF             1D0   rel    1
                                       0300 - 0308               9  aseg  
                                       FFE6 - FFE7               2  aseg  
                                       FFF2 - FFF3               2  aseg  
                                       FFFA - FFFB               2  aseg  
                                       FFFE - FFFF               2  aseg  

                ****************************************
                *                                      *
                *        END OF CROSS REFERENCE        *
                *                                      *
                ****************************************

 464 bytes of CODE memory (+ 17 absolute )
  80 bytes of DATA memory

Errors: none
Warnings: none

