################################################################################
#                                                                              #
#      IAR Universal Linker V6.5.4.100                                         #
#                                                                              #
#           Link time     =  11/Mar/2021  22:53:03                             #
#           Target CPU    =  MSP430                                            #
#           List file     =  "D:\Jibin\TTU\Spring 2021\Microcontrollers\7 Seg  #
#                            Display\7-seg_4\Debug\List\7-seg_4.map"           #
#           Output file 1 =  "D:\Jibin\TTU\Spring 2021\Microcontrollers\7 Seg  #
#                            Display\7-seg_4\Debug\Exe\7-seg_4.d43"            #
#                            Format: ubrof10                                   #
#                            UBROF version 10.0.6                              #
#                            Using library modules for C-SPY (-rt)             #
#           Command line  =  -f C:\Users\jibin\AppData\Local\Temp\EW4091.tmp   #
#                            ("D:\Jibin\TTU\Spring 2021\Microcontrollers\7 Seg #
#                             Display\7-seg_4\Debug\Obj\asm.r43"               #
#                            -o                                                #
#                            "D:\Jibin\TTU\Spring 2021\Microcontrollers\7 Seg  #
#                            Display\7-seg_4\Debug\Exe\7-seg_4.d43"            #
#                            -l                                                #
#                            "D:\Jibin\TTU\Spring 2021\Microcontrollers\7 Seg  #
#                            Display\7-seg_4\Debug\List\7-seg_4.map"           #
#                            -xms                                              #
#                            "-IC:\Program Files (x86)\IAR Systems\Embedded Wo #
#                            rkbench 8.4\430\LIB\"                             #
#                            -f                                                #
#                            "C:\Program Files (x86)\IAR Systems\Embedded Work #
#                            bench 8.4\430\config\linker\lnk430g2553.xcl"      #
#                            (-cmsp430 -QCODE_I=CODE_ID -QTLS16_I=TLS16_ID     #
#                            -Z(CONST)INFO=1000-10FF                           #
#                            -Z(CONST)INFOA=10C0-10FF                          #
#                            -Z(CONST)INFOB=1080-10BF                          #
#                            -Z(CONST)INFOC=1040-107F                          #
#                            -Z(CONST)INFOD=1000-103F                          #
#                            -Z(DATA)DATA16_I,DATA16_Z,DATA16_N,TLS16_I=0200-0 #
#                            3FF                                               #
#                            -Z(DATA)DATA16_HEAP+_DATA16_HEAP_SIZE             #
#                            -Z(DATA)CODE_I -Z(DATA)CSTACK+_STACK_SIZE#        #
#                            -Z(CONST)DATA16_C,DATA16_ID,TLS16_ID,DIFUNCT,CHEC #
#                            KSUM=C000-FFDD                                    #
#                            -Z(CODE)CSTART,ISR_CODE,CODE_ID=C000-FFDD         #
#                            -P(CODE)CODE=C000-FFDD                            #
#                            -Z(CONST)SIGNATURE=FFDE-FFDF                      #
#                            -Z(CODE)INTVEC=FFE0-FFFF                          #
#                            -Z(CODE)RESET=FFFE-FFFF) -D_STACK_SIZE=50 -rt     #
#                            -D_DATA16_HEAP_SIZE=50 -D_DATA20_HEAP_SIZE=50)    #
#                                                                              #
#                           Copyright (C) 1987-2018 IAR Systems AB.            #
################################################################################





                ****************************************
                *                                      *
                *           CROSS REFERENCE            *
                *                                      *
                ****************************************

                  There are no program entries.


                ****************************************
                *                                      *
                *    AUTOMATIC SYMBOL REDIRECTIONS     *
                *                                      *
                ****************************************

                  There are no automatic symbol redirections.



                ****************************************
                *                                      *
                *              MODULE MAP              *
                *                                      *
                ****************************************


  DEFINED ABSOLUTE ENTRIES
    *************************************************************************

  DEFINED ABSOLUTE ENTRIES
  PROGRAM MODULE, NAME : ?ABS_ENTRY_MOD

Absolute parts
           ENTRY                   ADDRESS         REF BY
           =====                   =======         ======
           _DATA20_HEAP_SIZE       0050 
           _DATA16_HEAP_SIZE       0050 
           _STACK_SIZE             0050 
    *************************************************************************

  FILE NAME : D:\Jibin\TTU\Spring 2021\Microcontrollers\7 Seg Display\7-seg_4\Debug\Obj\asm.r43
  PROGRAM MODULE, NAME : main

Absolute parts
     FFFE - FFFF
           LOCAL                   ADDRESS         
           =====                   =======         
           __MSP430G2203__         0000 
  SEGMENTS IN THE MODULE
  ======================
CSTACK
  Relative segment, address: 03B0, align: 1
  Segment part 0. ROOT 
    -------------------------------------------------------------------------
<CODE> 1 (was CODE)
  Relative segment, address: C000 - C0C6 (0xc7 bytes), align: 1
  Segment part 1. ROOT        Intra module refs:   Absolute parts
           ENTRY                   ADDRESS         REF BY
           =====                   =======         ======
           main                    C024 
           LOCAL                   ADDRESS         
           =====                   =======         
           init                    C000 
           Draw                    C03E 
           ZERO                    C0B6 
           DelayMS                 C0B0 
           ONE                     C0B7 
           TWO                     C0B8 
           THREE                   C0B9 
           FOUR                    C0BA 
           FIVE                    C0BB 
           SIX                     C0BC 
           SEVEN                   C0BD 
           EIGHT                   C0BE 
           NINE                    C0BF 
           LA                      C0C0 
           LB                      C0C1 
           LC                      C0C2 
           LD                      C0C3 
           LE                      C0C4 
           LF                      C0C5 
           COLON                   C0C6 




                ****************************************
                *                                      *
                *      SEGMENTS IN ADDRESS ORDER       *
                *                                      *
                ****************************************


SEGMENT              SPACE    START ADDRESS   END ADDRESS     SIZE  TYPE  ALIGN
=======              =====    =============   ===========     ====  ====  =====
CSTACK                                 03B0 - 03FF              50   rel    1
<CODE> 1                               C000 - C0C6              C7   rel    1
                                       FFFE - FFFF               2  aseg  

                ****************************************
                *                                      *
                *        END OF CROSS REFERENCE        *
                *                                      *
                ****************************************

 199 bytes of CODE memory (+ 2 absolute )
  80 bytes of DATA memory

Errors: none
Warnings: none

