################################################################################
#                                                                              #
#      IAR Universal Linker V6.5.4.100                                         #
#                                                                              #
#           Link time     =  21/Apr/2021  11:16:46                             #
#           Target CPU    =  MSP430                                            #
#           List file     =  "D:\Jibin\TTU\Spring 2021\Microcontrollers\Temp s #
#                            ensor\Project_5_Demo_Updated_DisplayLoop\Debug\Li #
#                            st\Proj5_Demo.map"                                #
#           Output file 1 =  "D:\Jibin\TTU\Spring 2021\Microcontrollers\Temp s #
#                            ensor\Project_5_Demo_Updated_DisplayLoop\Debug\Ex #
#                            e\Proj5_Demo.d43"                                 #
#                            Format: ubrof10                                   #
#                            UBROF version 10.0.6                              #
#                            Using library modules for C-SPY (-rt)             #
#           Command line  =  -f C:\Users\jibin\AppData\Local\Temp\EW7D8B.tmp   #
#                            ("D:\Jibin\TTU\Spring 2021\Microcontrollers\Temp  #
#                            sensor\Project_5_Demo_Updated_DisplayLoop\Debug\O #
#                            bj\asm.r43"                                       #
#                            -o                                                #
#                            "D:\Jibin\TTU\Spring 2021\Microcontrollers\Temp s #
#                            ensor\Project_5_Demo_Updated_DisplayLoop\Debug\Ex #
#                            e\Proj5_Demo.d43"                                 #
#                            -l                                                #
#                            "D:\Jibin\TTU\Spring 2021\Microcontrollers\Temp s #
#                            ensor\Project_5_Demo_Updated_DisplayLoop\Debug\Li #
#                            st\Proj5_Demo.map"                                #
#                            -xms                                              #
#                            "-IC:\Program Files (x86)\IAR Systems\Embedded Wo #
#                            rkbench 8.4\430\LIB\"                             #
#                            -f                                                #
#                            "C:\Program Files (x86)\IAR Systems\Embedded Work #
#                            bench 8.4\430\config\linker\lnk430g2553.xcl"      #
#                            (-cmsp430 -QCODE_I=CODE_ID -QTLS16_I=TLS16_ID     #
#                            -Z(CONST)INFO=1000-10FF                           #
#                            -Z(CONST)INFOA=10C0-10FF                          #
#                            -Z(CONST)INFOB=1080-10BF                          #
#                            -Z(CONST)INFOC=1040-107F                          #
#                            -Z(CONST)INFOD=1000-103F                          #
#                            -Z(DATA)DATA16_I,DATA16_Z,DATA16_N,TLS16_I=0200-0 #
#                            3FF                                               #
#                            -Z(DATA)DATA16_HEAP+_DATA16_HEAP_SIZE             #
#                            -Z(DATA)CODE_I -Z(DATA)CSTACK+_STACK_SIZE#        #
#                            -Z(CONST)DATA16_C,DATA16_ID,TLS16_ID,DIFUNCT,CHEC #
#                            KSUM=C000-FFDD                                    #
#                            -Z(CODE)CSTART,ISR_CODE,CODE_ID=C000-FFDD         #
#                            -P(CODE)CODE=C000-FFDD                            #
#                            -Z(CONST)SIGNATURE=FFDE-FFDF                      #
#                            -Z(CODE)INTVEC=FFE0-FFFF                          #
#                            -Z(CODE)RESET=FFFE-FFFF) -D_STACK_SIZE=50 -rt     #
#                            -D_DATA16_HEAP_SIZE=50 -D_DATA20_HEAP_SIZE=50)    #
#                                                                              #
#                           Copyright (C) 1987-2018 IAR Systems AB.            #
################################################################################





                ****************************************
                *                                      *
                *           CROSS REFERENCE            *
                *                                      *
                ****************************************

                  There are no program entries.


                ****************************************
                *                                      *
                *    AUTOMATIC SYMBOL REDIRECTIONS     *
                *                                      *
                ****************************************

                  There are no automatic symbol redirections.



                ****************************************
                *                                      *
                *              MODULE MAP              *
                *                                      *
                ****************************************


  DEFINED ABSOLUTE ENTRIES
    *************************************************************************

  DEFINED ABSOLUTE ENTRIES
  PROGRAM MODULE, NAME : ?ABS_ENTRY_MOD

Absolute parts
           ENTRY                   ADDRESS         REF BY
           =====                   =======         ======
           _DATA20_HEAP_SIZE       0050 
           _DATA16_HEAP_SIZE       0050 
           _STACK_SIZE             0050 
    *************************************************************************

  FILE NAME : D:\Jibin\TTU\Spring 2021\Microcontrollers\Temp sensor\Project_5_Demo_Updated_DisplayLoop\Debug\Obj\asm.r43
  PROGRAM MODULE, NAME : main

Absolute parts
     0300 - 0308
     FFE6 - FFE7
     FFF2 - FFF3
     FFFA - FFFB
     FFFE - FFFF
           LOCAL                   ADDRESS         
           =====                   =======         
           __MSP430G2203__         0000 
           ten_ms                  0300 
           hund_ms                 0301 
           sec                     0302 
           ten_sec                 0303 
           PB1M                    0304 
           PB2M                    0305 
           CurrentDigit            0306 
           DisplayValue            0307 
  SEGMENTS IN THE MODULE
  ======================
CSTACK
  Relative segment, address: 03B0, align: 1
  Segment part 0. ROOT 
    -------------------------------------------------------------------------
<CODE> 1 (was CODE)
  Relative segment, address: C000 - C24D (0x24e bytes), align: 1
  Segment part 1. ROOT        Intra module refs:   Absolute parts
           ENTRY                   ADDRESS         REF BY
           =====                   =======         ======
           main                    C0BE 
           LOCAL                   ADDRESS         
           =====                   =======         
           init                    C000 
           Port_2_ISR              C218 
           TA_0_ISR                C23A 
           TA_1_ISR                C240 
           PB1M_set                C0D4 
           PB2M_set                C0E6 
           Done                    C0F8 
           Trans2TempC             C0FA 
           BIN2BCD4                C15E 
           Trans2TempF             C12C 
           MPYU                    C16E 
           LC                      C24C 
           LF                      C24D 
           BIN1                    C164 
           MACU                    C172 
           MPY1                    C176 
           MPY2                    C180 
           Draw                    C188 
           WriteDig2               C1A8 
           WriteDig3               C1C4 
           WriteDig4               C1DA 
           WriteColon              C1F8 
           ZERO                    C242 
           DoneWrite               C206 
           DoneDraw                C216 
           PB1_set                 C228 
           PB2_set                 C22E 
           T0ISR_finish            C234 
           ONE                     C243 
           TWO                     C244 
           THREE                   C245 
           FOUR                    C246 
           FIVE                    C247 
           SIX                     C248 
           SEVEN                   C249 
           EIGHT                   C24A 
           NINE                    C24B 




                ****************************************
                *                                      *
                *      SEGMENTS IN ADDRESS ORDER       *
                *                                      *
                ****************************************


SEGMENT              SPACE    START ADDRESS   END ADDRESS     SIZE  TYPE  ALIGN
=======              =====    =============   ===========     ====  ====  =====
CSTACK                                 03B0 - 03FF              50   rel    1
<CODE> 1                               C000 - C24D             24E   rel    1
                                       0300 - 0308               9  aseg  
                                       FFE6 - FFE7               2  aseg  
                                       FFF2 - FFF3               2  aseg  
                                       FFFA - FFFB               2  aseg  
                                       FFFE - FFFF               2  aseg  

                ****************************************
                *                                      *
                *        END OF CROSS REFERENCE        *
                *                                      *
                ****************************************

 590 bytes of CODE memory (+ 17 absolute )
  80 bytes of DATA memory

Errors: none
Warnings: none

