################################################################################
#                                                                              #
#      IAR Universal Linker V6.5.4.100                                         #
#                                                                              #
#           Link time     =  09/Mar/2021  18:04:09                             #
#           Target CPU    =  MSP430                                            #
#           List file     =  C:\Users\COMSOL\Desktop\7-seg_6\Debug\List\7-seg_ #
#                            6.map                                             #
#           Output file 1 =  C:\Users\COMSOL\Desktop\7-seg_6\Debug\Exe\7-seg_6 #
#                            .d43                                              #
#                            Format: ubrof10                                   #
#                            UBROF version 10.0.6                              #
#                            Using library modules for C-SPY (-rt)             #
#           Command line  =  -f                                                #
#                            C:\Users\COMSOL\AppData\Local\Temp\EW927B.tmp     #
#                            (C:\Users\COMSOL\Desktop\7-seg_6\Debug\Obj\asm.r4 #
#                            3                                                 #
#                            -o                                                #
#                            C:\Users\COMSOL\Desktop\7-seg_6\Debug\Exe\7-seg_6 #
#                            .d43                                              #
#                            -l                                                #
#                            C:\Users\COMSOL\Desktop\7-seg_6\Debug\List\7-seg_ #
#                            6.map                                             #
#                            -xms                                              #
#                            "-IC:\Program Files (x86)\IAR Systems\Embedded Wo #
#                            rkbench 8.4\430\LIB\"                             #
#                            -f                                                #
#                            "C:\Program Files (x86)\IAR Systems\Embedded Work #
#                            bench 8.4\430\config\linker\lnk430g2553.xcl"      #
#                            (-cmsp430 -QCODE_I=CODE_ID -QTLS16_I=TLS16_ID     #
#                            -Z(CONST)INFO=1000-10FF                           #
#                            -Z(CONST)INFOA=10C0-10FF                          #
#                            -Z(CONST)INFOB=1080-10BF                          #
#                            -Z(CONST)INFOC=1040-107F                          #
#                            -Z(CONST)INFOD=1000-103F                          #
#                            -Z(DATA)DATA16_I,DATA16_Z,DATA16_N,TLS16_I=0200-0 #
#                            3FF                                               #
#                            -Z(DATA)DATA16_HEAP+_DATA16_HEAP_SIZE             #
#                            -Z(DATA)CODE_I -Z(DATA)CSTACK+_STACK_SIZE#        #
#                            -Z(CONST)DATA16_C,DATA16_ID,TLS16_ID,DIFUNCT,CHEC #
#                            KSUM=C000-FFDD                                    #
#                            -Z(CODE)CSTART,ISR_CODE,CODE_ID=C000-FFDD         #
#                            -P(CODE)CODE=C000-FFDD                            #
#                            -Z(CONST)SIGNATURE=FFDE-FFDF                      #
#                            -Z(CODE)INTVEC=FFE0-FFFF                          #
#                            -Z(CODE)RESET=FFFE-FFFF) -D_STACK_SIZE=50 -rt     #
#                            -D_DATA16_HEAP_SIZE=50 -D_DATA20_HEAP_SIZE=50)    #
#                                                                              #
#                           Copyright (C) 1987-2018 IAR Systems AB.            #
################################################################################





                ****************************************
                *                                      *
                *           CROSS REFERENCE            *
                *                                      *
                ****************************************

                  There are no program entries.


                ****************************************
                *                                      *
                *    AUTOMATIC SYMBOL REDIRECTIONS     *
                *                                      *
                ****************************************

                  There are no automatic symbol redirections.



                ****************************************
                *                                      *
                *              MODULE MAP              *
                *                                      *
                ****************************************


  DEFINED ABSOLUTE ENTRIES
    *************************************************************************

  DEFINED ABSOLUTE ENTRIES
  PROGRAM MODULE, NAME : ?ABS_ENTRY_MOD

Absolute parts
           ENTRY                   ADDRESS         REF BY
           =====                   =======         ======
           _DATA20_HEAP_SIZE       0050 
           _DATA16_HEAP_SIZE       0050 
           _STACK_SIZE             0050 
    *************************************************************************

  FILE NAME : C:\Users\COMSOL\Desktop\7-seg_6\Debug\Obj\asm.r43
  PROGRAM MODULE, NAME : main

Absolute parts
     FFFE - FFFF
           LOCAL                   ADDRESS         
           =====                   =======         
           __MSP430G2203__         0000 
  SEGMENTS IN THE MODULE
  ======================
CSTACK
  Relative segment, address: 03B0, align: 1
  Segment part 0. ROOT 
    -------------------------------------------------------------------------
<CODE> 1 (was CODE)
  Relative segment, address: C000 - C116 (0x117 bytes), align: 1
  Segment part 1. ROOT        Intra module refs:   Absolute parts
           ENTRY                   ADDRESS         REF BY
           =====                   =======         ======
           main                    C024 
           LOCAL                   ADDRESS         
           =====                   =======         
           init                    C000 
           displayLoop             C040 
           Draw                    C04C 
           doCount                 C0BE 
           ZERO                    C106 
           DelayMS                 C100 
           NI                      C0FE 
           ONE                     C107 
           TWO                     C108 
           THREE                   C109 
           FOUR                    C10A 
           FIVE                    C10B 
           SIX                     C10C 
           SEVEN                   C10D 
           EIGHT                   C10E 
           NINE                    C10F 
           LA                      C110 
           LB                      C111 
           LC                      C112 
           LD                      C113 
           LE                      C114 
           LF                      C115 
           COLON                   C116 




                ****************************************
                *                                      *
                *      SEGMENTS IN ADDRESS ORDER       *
                *                                      *
                ****************************************


SEGMENT              SPACE    START ADDRESS   END ADDRESS     SIZE  TYPE  ALIGN
=======              =====    =============   ===========     ====  ====  =====
CSTACK                                 03B0 - 03FF              50   rel    1
<CODE> 1                               C000 - C116             117   rel    1
                                       FFFE - FFFF               2  aseg  

                ****************************************
                *                                      *
                *        END OF CROSS REFERENCE        *
                *                                      *
                ****************************************

 279 bytes of CODE memory (+ 2 absolute )
  80 bytes of DATA memory

Errors: none
Warnings: none

